<?xml version="1.0" encoding="UTF-8"?>
<TestRun id="b30136d3-b9a3-4c93-be1e-b57b6112b496" name="kapil@SAMSUNG 2019-03-15 21:01:13" runUser="samsung\kapil" xmlns="http://microsoft.com/schemas/VisualStudio/TeamTest/2010">
  <TestSettings name="Local" id="ce3d8ba1-af3b-457d-af3a-83bb4e058e5d">
    <Description>These are default test settings for a local test run.</Description>
    <Deployment enabled="false" runDeploymentRoot="kapil_SAMSUNG 2019-03-15 21_01_13">
      <DeploymentItem filename="D:\Test2\TestExeciseCode\TestExerciseCode\ThirdPartyTools\bin\Debug\ThirdPartyTools.dll" />
      <DeploymentItem filename="D:\Test2\TestExeciseCode\TestExerciseCode\TestExerciseCode\bin\Debug\TestExerciseCode.exe" />
    </Deployment>
    <Execution>
      <TestTypeSpecific />
      <AgentRule name="Execution Agents">
      </AgentRule>
    </Execution>
  </TestSettings>
  <Times creation="2019-03-15T21:01:13.6713406+05:30" queuing="2019-03-15T21:01:13.7633400+05:30" start="2019-03-15T21:01:13.7713405+05:30" finish="2019-03-15T21:01:14.1553507+05:30" />
  <ResultSummary outcome="Completed">
    <Counters total="1" executed="1" passed="1" error="0" failed="0" timeout="0" aborted="0" inconclusive="0" passedButRunAborted="0" notRunnable="0" notExecuted="0" disconnected="0" warning="0" completed="0" inProgress="0" pending="0" />
  </ResultSummary>
  <TestDefinitions>
    <UnitTest name="GetOutputSizePositiveTest2" storage="d:\test2\testexecisecode\testexercisecode\testproject1\bin\debug\testproject1.dll" id="0b5b1cd5-5780-74a7-6bfa-92ab202442e6">
      <Execution id="70329fa3-254f-4e32-b014-640126e11857" />
      <TestMethod codeBase="D:/Test2/TestExeciseCode/TestExerciseCode/TestProject1/bin/Debug/TestProject1.DLL" adapterTypeName="Microsoft.VisualStudio.TestTools.TestTypes.Unit.UnitTestAdapter, Microsoft.VisualStudio.QualityTools.Tips.UnitTest.Adapter, Version=10.0.0.0, Culture=neutral, PublicKeyToken=b03f5f7f11d50a3a" className="TestProject1.ProgramTest, TestProject1, Version=1.0.0.0, Culture=neutral, PublicKeyToken=null" name="GetOutputSizePositiveTest2" />
    </UnitTest>
  </TestDefinitions>
  <TestLists>
    <TestList name="Results Not in a List" id="8c84fa94-04c1-424b-9868-57a2d4851a1d" />
    <TestList name="All Loaded Results" id="19431567-8539-422a-85d7-44ee4e166bda" />
  </TestLists>
  <TestEntries>
    <TestEntry testId="0b5b1cd5-5780-74a7-6bfa-92ab202442e6" executionId="70329fa3-254f-4e32-b014-640126e11857" testListId="8c84fa94-04c1-424b-9868-57a2d4851a1d" />
  </TestEntries>
  <Results>
    <UnitTestResult executionId="70329fa3-254f-4e32-b014-640126e11857" testId="0b5b1cd5-5780-74a7-6bfa-92ab202442e6" testName="GetOutputSizePositiveTest2" computerName="SAMSUNG" duration="00:00:00.0298830" startTime="2019-03-15T21:01:13.7713405+05:30" endTime="2019-03-15T21:01:14.0873517+05:30" testType="13cdc9d9-ddb5-4fa4-a97d-d965ccfc6d4b" outcome="Passed" testListId="8c84fa94-04c1-424b-9868-57a2d4851a1d" relativeResultsDirectory="70329fa3-254f-4e32-b014-640126e11857">
    </UnitTestResult>
  </Results>
</TestRun>